#
# A fatal error has been detected by the Java Runtime Environment:
#
#  EXCEPTION_ACCESS_VIOLATION (0xc0000005) at pc=0x00007fff52bf8819, pid=16536, tid=13148
#
# JRE version: OpenJDK Runtime Environment Corretto-24.0.2.12.1 (24.0.2+12) (build 24.0.2+12-FR)
# Java VM: OpenJDK 64-Bit Server VM Corretto-24.0.2.12.1 (24.0.2+12-FR, mixed mode, sharing, tiered, compressed oops, compressed class ptrs, g1 gc, windows-amd64)
# Problematic frame:
# C  [nvcuda64.dll+0x148819]
#
# No core dump will be written. Minidumps are not enabled by default on client versions of Windows
#
# If you would like to submit a bug report, please visit:
#   https://github.com/corretto/corretto-24/issues/
# The crash happened outside the Java Virtual Machine in native code.
# See problematic frame for where to report the bug.
#

---------------  S U M M A R Y ------------

Command Line: -Dfile.encoding=UTF-8 -Duser.country=US -Duser.language=en -Duser.variant arjun.path_tracer_cuda.Main

Host: AMD Ryzen 9 9950X3D2 16-Core Processor         , 8 cores, 30G,  Windows 11 , 64 bit Build 26100 (10.0.26100.8521)
Time: Mon Jun 22 20:24:31 2026 Central Daylight Time elapsed time: 0.467190 seconds (0d 0h 0m 0s)

---------------  T H R E A D  ---------------

Current thread (0x00000272b2267c40):  JavaThread "main"             [_thread_in_native, id=13148, stack(0x000000ef2d200000,0x000000ef2d300000) (1024K)]

Stack: [0x000000ef2d200000,0x000000ef2d300000],  sp=0x000000ef2d2fdf00,  free space=1015k
Native frames: (J=compiled Java code, j=interpreted, Vv=VM code, C=native code)
C  [nvcuda64.dll+0x148819]  (no source info available)
C  [nvcuda64.dll+0x192167]  (no source info available)
C  [nvcuda64.dll+0xb4612]  (no source info available)
C  [nvcuda64.dll+0x19089e]  (no source info available)
C  [nvcuda64.dll+0x6d469]  (no source info available)
C  [nvcuda64.dll+0x6db2a]  (no source info available)
C  [nvcuda64.dll+0x6e5b2]  (no source info available)
C  [nvcuda64.dll+0x6e9f1]  (no source info available)
C  [nvcuda64.dll+0x6eaf4]  (no source info available)
C  [nvcuda64.dll+0x28d4ec]  (no source info available)
C  [nvcuda64.dll+0x28d798]  (no source info available)
C  [JCudaDriver-12.6.0-windows-x86_64.dll+0xd42d]  (no source info available)
C  0x00000272c463cf40  (no source info available)

The last pc belongs to native method entry point (kind = native) (printed below).
Java frames: (J=compiled Java code, j=interpreted, Vv=VM code)
j  jcuda.driver.JCudaDriver.cuLaunchKernelNative(Ljcuda/driver/CUfunction;IIIIIIILjcuda/driver/CUstream;Ljcuda/Pointer;Ljcuda/Pointer;)I+0
j  jcuda.driver.JCudaDriver.cuLaunchKernel(Ljcuda/driver/CUfunction;IIIIIIILjcuda/driver/CUstream;Ljcuda/Pointer;Ljcuda/Pointer;)I+18
j  arjun.path_tracer_cuda.kernel.SampleKernel.launch(Ljcuda/driver/CUdeviceptr;[Ljcuda/driver/CUdeviceptr;[I)V+183
j  arjun.path_tracer_cuda.GPUManager.loop()V+107
j  arjun.path_tracer_cuda.Main.main([Ljava/lang/String;)V+24
v  ~StubRoutines::call_stub 0x00000272c4630fcd

siginfo: EXCEPTION_ACCESS_VIOLATION (0xc0000005), reading address 0x000000110dc00000


Registers:
RAX=0x0000000000000004, RBX=0x00000272805d82c8, RCX=0x0000000000000010, RDX=0x0000000000000003
RSP=0x000000ef2d2fdf00, RBP=0x000002731e7ec1c0, RSI=0x0000027364781a90, RDI=0x0000000000000003
R8 =0x00000272805d82c8, R9 =0x00000273647cea68, R10=0x000000110dc00000, R11=0x00000000000004b0
R12=0x00000272805d7f00, R13=0x0000027364781a90, R14=0x0000027363f937c0, R15=0x000000ef2d2fe428
RIP=0x00007fff52bf8819, EFLAGS=0x0000000000010246

XMM[0]=0x000000010000002d 0x0000005000000000
XMM[1]=0x0000000000000000 0x0000000000000000
XMM[2]=0x0000000000000000 0x0000000000000000
XMM[3]=0x0041038000000000 0x0000000000000000
XMM[4]=0x0000000000000000 0x0000000000000000
XMM[5]=0xd0450f4c00b07e83 0x49d23345b0468d49
XMM[6]=0x0000000000000000 0x1ce316f5f419cce5
XMM[7]=0x0000000000000000 0x59b9262694006b60
XMM[8]=0x0000000000000000 0x453d6c160ff6343f
XMM[9]=0x0000000000000000 0xdfd8fdd81a2caf5c
XMM[10]=0x0000000000000000 0x000000003a53b184
XMM[11]=0x0000000000000000 0x147434612ea0e3bd
XMM[12]=0x0000000000000000 0x000000001a2caf5c
XMM[13]=0x0000000000000000 0x0000000000000000
XMM[14]=0x0000000000000000 0x0000000000000000
XMM[15]=0x0000000000000000 0x0000000000000000
  MXCSR=0x00001fa0


Register to memory mapping:

RAX=0x0000000000000004 is an unknown value
RBX=0x00000272805d82c8 points into unknown readable memory: 0x0000000804c00000 | 00 00 c0 04 08 00 00 00
RCX=0x0000000000000010 is an unknown value
RDX=0x0000000000000003 is an unknown value
RSP=0x000000ef2d2fdf00 is pointing into the stack for thread: 0x00000272b2267c40
RBP=0x000002731e7ec1c0 points into unknown readable memory: 0x0000000100000000 | 00 00 00 00 01 00 00 00
RSI=0x0000027364781a90 points into unknown readable memory: 0x0000000100000001 | 01 00 00 00 01 00 00 00
RDI=0x0000000000000003 is an unknown value
R8 =0x00000272805d82c8 points into unknown readable memory: 0x0000000804c00000 | 00 00 c0 04 08 00 00 00
R9 =0x00000273647cea68 points into unknown readable memory: 0x0000000000000004 | 04 00 00 00 00 00 00 00
R10=0x000000110dc00000 is an unknown value
R11=0x00000000000004b0 is an unknown value
R12=0x00000272805d7f00 points into unknown readable memory: 0x0000001120022062 | 62 20 02 20 11 00 00 00
R13=0x0000027364781a90 points into unknown readable memory: 0x0000000100000001 | 01 00 00 00 01 00 00 00
R14=0x0000027363f937c0 points into unknown readable memory: 0x00000273646f8fc0 | c0 8f 6f 64 73 02 00 00
R15=0x000000ef2d2fe428 is pointing into the stack for thread: 0x00000272b2267c40

Top of Stack: (sp=0x000000ef2d2fdf00)
0x000000ef2d2fdf00:   0000000000000383 00007fff52b6601e   .........`.R....
0x000000ef2d2fdf10:   0000000000000380 00000272805d7f24   ........$.].r...
0x000000ef2d2fdf20:   000002731e7ec1c0 00007fff52c42167   ..~.s...g!.R....
0x000000ef2d2fdf30:   00000272805d8304 000000ef2d2fed58   ..].r...X./-....
0x000000ef2d2fdf40:   0000027364781a90 000002731e7ec1c0   ..xds.....~.s...
0x000000ef2d2fdf50:   0000027364781a90 00007fff52b64612   ..xds....F.R....
0x000000ef2d2fdf60:   00000272805d82c8 000000ef2d2fec30   ..].r...0./-....
0x000000ef2d2fdf70:   0000027363dd7f10 000002731e7ec1c0   ...cs.....~.s...
0x000000ef2d2fdf80:   0000001100410380 00007ff800000002   ..A.............
0x000000ef2d2fdf90:   000000efffffffff 000000ef00000001   ................
0x000000ef2d2fdfa0:   0000000000000000 00007ff845d2f50c   ...........E....
0x000000ef2d2fdfb0:   0000027363cd32e0 00007ff848178ea8   .2.cs......H....
0x000000ef2d2fdfc0:   000000ef2d2fe248 00007ff845970000   H./-.......E....
0x000000ef2d2fdfd0:   00007ff845d2f470 0000000000000000   p..E............
0x000000ef2d2fdfe0:   000000ef2d2fe369 00007ff84805bd5e   i./-....^..H....
0x000000ef2d2fdff0:   0000000000000000 0000000000000000   ................
0x000000ef2d2fe000:   00000272d8d40001 00000272d8d40400   ....r.......r...
0x000000ef2d2fe010:   0000000000000000 00007fff52c75849   ........IX.R....
0x000000ef2d2fe020:   000000ef2d2fe369 00007ff84805c671   i./-....q..H....
0x000000ef2d2fe030:   0000000000000000 000000ef2d2fe2a8   ........../-....
0x000000ef2d2fe040:   000000ef2d2fe200 00007fff52c76299   ../-.....b.R....
0x000000ef2d2fe050:   0000000000000018 00007fff52bf563e   ........>V.R....
0x000000ef2d2fe060:   0000000000000001 000000ef2d2fe0d9   ........../-....
0x000000ef2d2fe070:   000000ef2d2fe280 00007fff00000020   ../-.... .......
0x000000ef2d2fe080:   000000007fffffff 000000ef00000100   ................
0x000000ef2d2fe090:   0000000000019000 000000000000c400   ................
0x000000ef2d2fe0a0:   0000000000000000 00007fff52b61457   ........W..R....
0x000000ef2d2fe0b0:   0000000000000000 000002731e759840   ........@.u.s...
0x000000ef2d2fe0c0:   0000027363ccf0d0 00007fff52b83cc6   ...cs....<.R....
0x000000ef2d2fe0d0:   000000ef2d2fe400 0000027363cd32e0   ../-.....2.cs...
0x000000ef2d2fe0e0:   000000ef2d2fe130 00007fff52c76a33   0./-....3j.R....
0x000000ef2d2fe0f0:   0000000000004000 0000027363dd7d90   .@.......}.cs...

Instructions: (pc=0x00007fff52bf8819)
  0x00007fff52bf8719:   30 80 7c 24 48 00 75 05 40 84 f6 74 27 48 8b 45
  0x00007fff52bf8729:   68 b9 15 00 00 00 ff c3 ff 90 d8 88 00 00 3b d8
  0x00007fff52bf8739:   72 12 48 8b 45 68 b9 15 00 00 00 ff 90 d8 88 00
  0x00007fff52bf8749:   00 48 8b d8 48 8b 74 24 28 48 8b 4d 68 48 8b 7c
  0x00007fff52bf8759:   24 20 48 8b 6c 24 58 f6 81 a1 82 00 00 02 74 21
  0x00007fff52bf8769:   b8 01 00 00 00 3b d8 0f 47 c3 48 83 c4 30 5b c3
  0x00007fff52bf8779:   48 83 b8 f8 06 00 00 00 75 9e c6 44 24 48 01 eb
  0x00007fff52bf8789:   9c 8b c3 48 83 c4 30 5b c3 cc cc cc cc cc cc cc
  0x00007fff52bf8799:   cc cc cc cc cc cc cc 48 89 5c 24 10 48 89 74 24
  0x00007fff52bf87a9:   18 41 56 48 83 ec 20 48 83 b9 98 02 00 00 00 49
  0x00007fff52bf87b9:   8b d8 4c 8b f2 48 8b f1 0f 84 8f 00 00 00 48 89
  0x00007fff52bf87c9:   7c 24 30 33 ff 39 b9 90 02 00 00 76 7b 4d 8b 14
  0x00007fff52bf87d9:   fe 8b d7 4c 6b ca 68 4c 03 8e 98 02 00 00 41 8b
  0x00007fff52bf87e9:   49 0c 8b c1 83 e8 01 74 4a 83 e8 01 74 37 83 e8
  0x00007fff52bf87f9:   02 74 26 83 f8 04 74 14 44 8b c1 49 8b d2 41 8b
  0x00007fff52bf8809:   49 08 48 03 cb e8 9d e1 51 01 eb 32 41 8b 49 08
=>0x00007fff52bf8819:   49 8b 02 48 89 04 19 eb 25 41 8b 49 08 41 8b 02
  0x00007fff52bf8829:   89 04 19 eb 19 41 8b 49 08 41 0f b7 02 66 89 04
  0x00007fff52bf8839:   19 eb 0b 41 8b 49 08 41 0f b6 02 88 04 19 ff c7
  0x00007fff52bf8849:   3b be 90 02 00 00 72 85 48 8b 7c 24 30 48 8b 5c
  0x00007fff52bf8859:   24 38 48 8b 74 24 40 48 83 c4 20 41 5e c3 cc cc
  0x00007fff52bf8869:   cc cc cc cc cc cc cc 48 89 5c 24 08 48 89 6c 24
  0x00007fff52bf8879:   10 48 89 74 24 18 57 48 83 ec 30 33 ed 49 8b f1
  0x00007fff52bf8889:   48 8b fa 48 8b d9 44 8b dd 44 8b d5 4d 85 c0 74
  0x00007fff52bf8899:   30 66 0f 1f 44 00 00 4d 8b 08 4d 85 c9 74 22 49
  0x00007fff52bf88a9:   8b c1 48 83 e8 01 74 0f 48 83 f8 01 75 4e 49 8b
  0x00007fff52bf88b9:   40 08 4c 8b 10 eb 04 4d 8b 58 08 49 83 c0 10 75
  0x00007fff52bf88c9:   d6 48 89 a9 68 03 00 00 48 89 a9 70 03 00 00 4d
  0x00007fff52bf88d9:   85 d2 0f 84 c5 00 00 00 48 85 ff 74 3e 4c 8d 05
  0x00007fff52bf88e9:   43 9d b0 01 33 d2 48 8d 0d 0e 7e af 01 e8 45 3d
  0x00007fff52bf88f9:   05 00 b8 01 00 00 00 e9 7d 01 00 00 4c 8d 05 14
  0x00007fff52bf8909:   37 b1 01 33 d2 48 8d 0d ef 7d af 01 e8 26 3d 05


Stack slot to memory mapping:

stack at sp + 0 slots: 0x0000000000000383 is an unknown value
stack at sp + 1 slots: 0x00007fff52b6601e nvcuda64.dll
stack at sp + 2 slots: 0x0000000000000380 is an unknown value
stack at sp + 3 slots: 0x00000272805d7f24 points into unknown readable memory: 00 83 a3 00
stack at sp + 4 slots: 0x000002731e7ec1c0 points into unknown readable memory: 0x0000000100000000 | 00 00 00 00 01 00 00 00
stack at sp + 5 slots: 0x00007fff52c42167 nvcuda64.dll
stack at sp + 6 slots: 0x00000272805d8304 points into unknown readable memory: 00 00 00 00
stack at sp + 7 slots: 0x000000ef2d2fed58 is pointing into the stack for thread: 0x00000272b2267c40

Lock stack of current Java thread (top to bottom):

native method entry point (kind = native)  [0x00000272c463cb60, 0x00000272c463d6a0]  2880 bytes
[MachCode]
  0x00000272c463cb60: 488b 4b08 | 0fb7 492e | 584c 8d74 | ccf8 6800 | 0000 0068 | 0000 0000 | 5055 488b | ec41 5568 
  0x00000272c463cb80: 0000 0000 | 4c8b 6b08 | 4d8d 6d38 | 5348 8b53 | 0848 8b52 | 0848 8b52 | 1848 8b52 | 7048 8b12 
  0x00000272c463cba0: 5248 8b53 | 1048 85d2 | 0f84 0700 | 0000 4881 | c208 0100 | 0052 488b | 5308 488b | 5208 488b 
  0x00000272c463cbc0: 5210 5249 | 8bc6 482b | c548 c1e8 | 0350 6800 | 0000 0068 | f7ff ffff | 41c6 8771 | 0400 0001 
  0x00000272c463cbe0: 488b 4310 | 4885 c074 | 208b 88cc | 0000 0083 | c102 8988 | cc00 0000 | 2388 e000 | 0000 0f84 
  0x00000272c463cc00: ea09 0000 | e9cd 0000 | 0048 8b43 | 1848 85c0 | 0f85 b000 | 0000 e805 | 0000 00e9 | 9900 0000 
  0x00000272c463cc20: 488b d348 | 8d44 2408 | 4c89 6dc0 | 498b cfc5 | f877 4989 | afb8 0300 | 0049 8987 | a803 0000 
  0x00000272c463cc40: 4883 ec20 | 40f6 c40f | 0f84 1900 | 0000 4883 | ec08 48b8 | 30ca da54 | ff7f 0000 | ffd0 4883 
  0x00000272c463cc60: c408 e90c | 0000 0048 | b830 cada | 54ff 7f00 | 00ff d048 | 83c4 2049 | c787 a803 | 0000 0000 
  0x00000272c463cc80: 0000 49c7 | 87b8 0300 | 0000 0000 | 0049 c787 | b003 0000 | 0000 0000 | c5f8 7749 | 837f 0800 
  0x00000272c463cca0: 0f84 0500 | 0000 e915 | 42ff ff4c | 8b6d c04c | 8b75 c84e | 8d74 f500 | c348 8b43 | 1848 85c0 
  0x00000272c463ccc0: 0f84 1000 | 0000 8b08 | 83c1 0289 | 0823 4814 | 0f84 1809 | 0000 493b | a7f0 0400 | 000f 8748 
  0x00000272c463cce0: 0000 0089 | 8424 00f0 | ffff 8984 | 2400 e0ff | ff89 8424 | 00d0 ffff | 8984 2400 | c0ff ff89 
  0x00000272c463cd00: 8424 00b0 | ffff 8984 | 2400 a0ff | ff89 8424 | 0090 ffff | 8984 2400 | 80ff ff49 | 3ba7 e804 
  0x00000272c463cd20: 0000 7607 | 4989 a7f0 | 0400 0041 | c687 7104 | 0000 0048 | 8b5d e84c | 8b5b 0845 | 0fb7 5b2e 
  0x00000272c463cd40: 41c1 e303 | 492b e348 | 83ec 2048 | 83e4 f04c | 8b5b 604d | 85db 0f85 | ab00 0000 | e805 0000 
  0x00000272c463cd60: 00e9 9900 | 0000 488b | d348 8d44 | 2408 4c89 | 6dc0 498b | cfc5 f877 | 4989 afb8 | 0300 0049 
  0x00000272c463cd80: 8987 a803 | 0000 4883 | ec20 40f6 | c40f 0f84 | 1900 0000 | 4883 ec08 | 48b8 80f4 | da54 ff7f 
  0x00000272c463cda0: 0000 ffd0 | 4883 c408 | e90c 0000 | 0048 b880 | f4da 54ff | 7f00 00ff | d048 83c4 | 2049 c787 
  0x00000272c463cdc0: a803 0000 | 0000 0000 | 49c7 87b8 | 0300 0000 | 0000 0049 | c787 b003 | 0000 0000 | 0000 c5f8 
  0x00000272c463cde0: 7749 837f | 0800 0f84 | 0500 0000 | e9cf 40ff | ff4c 8b6d | c04c 8b75 | c84e 8d74 | f500 c348 
  0x00000272c463ce00: 8b5d e84c | 8b5b 6041 | ffd3 488b | 5de8 4889 | 4518 448b | 5b28 41f6 | c308 0f84 | 1b00 0000 
  0x00000272c463ce20: 4c8b 5b08 | 4d8b 5b08 | 4d8b 5b18 | 4d8b 5b70 | 4d8b 1b4c | 895d 1048 | 8d55 1048 | 8b43 5849 
  0x00000272c463ce40: ba60 3a14 | 55ff 7f00 | 0049 3bc2 | 0f85 ab00 | 0000 e805 | 0000 00e9 | 9900 0000 | 488b d348 
  0x00000272c463ce60: 8d44 2408 | 4c89 6dc0 | 498b cfc5 | f877 4989 | afb8 0300 | 0049 8987 | a803 0000 | 4883 ec20 
  0x00000272c463ce80: 40f6 c40f | 0f84 1900 | 0000 4883 | ec08 48b8 | 80f4 da54 | ff7f 0000 | ffd0 4883 | c408 e90c 
  0x00000272c463cea0: 0000 0048 | b880 f4da | 54ff 7f00 | 00ff d048 | 83c4 2049 | c787 a803 | 0000 0000 | 0000 49c7 
  0x00000272c463cec0: 87b8 0300 | 0000 0000 | 0049 c787 | b003 0000 | 0000 0000 | c5f8 7749 | 837f 0800 | 0f84 0500 
  0x00000272c463cee0: 0000 e9d9 | 3fff ff4c | 8b6d c04c | 8b75 c84e | 8d74 f500 | c348 8b5d | e848 8b43 | 5849 8d8f 
  0x00000272c463cf00: c803 0000 | 4c8d 15d5 | 0000 004d | 8997 b003 | 0000 c5f8 | 7749 89af | b803 0000 | 4989 a7a8 
  0x00000272c463cf20: 0300 0041 | c787 5404 | 0000 0400 | 0000 493b | a748 0500 | 0076 0749 | 89a7 4805 | 0000 ffd0 
  0x00000272c463cf40: 493b a748 | 0500 0072 | 0b49 c787 | 4805 0000 | 0000 0000 | c5f8 7748 | 83ec 10c5 | fb11 0424 
  0x00000272c463cf60: 4883 ec10 | 4889 0424 | 48c7 4424 | 0800 0000 | 0041 c787 | 5404 0000 | 0500 0000 | f083 4424 
  0x00000272c463cf80: c000 493b | 6f28 0f87 | 0e00 0000 | 4183 bf50 | 0400 0000 | 0f84 2000 | 0000 498b | cf4c 8be4 
  0x00000272c463cfa0: 4883 ec20 | 4883 e4f0 | 48b8 1059 | dc54 ff7f | 0000 ffd0 | 498b e44d | 33e4 41c7 | 8754 0400 
  0x00000272c463cfc0: 0008 0000 | 004d 8b97 | 7005 0000 | 4983 fa00 | 7435 49c7 | 8770 0500 | 0000 0000 | 0041 ffe2 
  0x00000272c463cfe0: 49ba 00bb | 63c4 7202 | 0000 41ff | d248 83ec | 10c5 fb11 | 0424 4883 | ec10 4889 | 0424 48c7 
  0x00000272c463d000: 4424 0800 | 0000 0049 | c787 a803 | 0000 0000 | 0000 49c7 | 87b8 0300 | 0000 0000 | 0049 c787 
  0x00000272c463d020: b003 0000 | 0000 0000 | c5f8 774d | 8b9f 3804 | 0000 41c7 | 8300 0100 | 0000 0000 | 0049 bb3a 
  0x00000272c463d040: a463 c472 | 0200 004c | 3b5d 180f | 855b 0200 | 0048 8b04 | 2448 83c4 | 1048 85c0 | 0f84 3502 
  0x00000272c463d060: 0000 a803 | 0f85 0800 | 0000 488b | 00e9 2502 | 0000 a801 | 0f85 0900 | 0000 488b | 40fe e914 
  0x00000272c463d080: 0200 0048 | 8b40 ff41 | 807f 4800 | 0f84 0502 | 0000 4883 | f800 0f84 | fb01 0000 | 4d8b 5f38 
  0x00000272c463d0a0: 4d85 db0f | 8414 0000 | 0049 83eb | 084d 895f | 384d 035f | 4049 8903 | e9da 0100 | 0048 81ec 
  0x00000272c463d0c0: f000 0000 | 4889 0424 | 4889 4c24 | 0848 8954 | 2410 4c89 | 4424 184c | 894c 2420 | 4c89 5424 
  0x00000272c463d0e0: 284c 895c | 2430 c5fb | 1144 2440 | c5fb 114c | 2448 c5fb | 1154 2450 | c5fb 115c | 2458 c5fb 
  0x00000272c463d100: 1164 2460 | c5fb 116c | 2468 62e1 | ff08 1144 | 240e 62e1 | ff08 114c | 240f 62e1 | ff08 1154 
  0x00000272c463d120: 2410 62e1 | ff08 115c | 2411 62e1 | ff08 1164 | 2412 62e1 | ff08 116c | 2413 62e1 | ff08 1174 
  0x00000272c463d140: 2414 62e1 | ff08 117c | 2415 6261 | ff08 1144 | 2416 6261 | ff08 114c | 2417 6261 | ff08 1154 
  0x00000272c463d160: 2418 6261 | ff08 115c | 2419 6261 | ff08 1164 | 241a 6261 | ff08 116c | 241b 6261 | ff08 1174 
  0x00000272c463d180: 241c 6261 | ff08 117c | 241d 498b | d748 8bc8 | 4883 ec20 | 40f6 c40f | 0f84 1900 | 0000 4883 
  0x00000272c463d1a0: ec08 48b8 | 80ec ce54 | ff7f 0000 | ffd0 4883 | c408 e90c | 0000 0048 | b880 ecce | 54ff 7f00 
  0x00000272c463d1c0: 00ff d048 | 83c4 2062 | 61ff 0810 | 7c24 1d62 | 61ff 0810 | 7424 1c62 | 61ff 0810 | 6c24 1b62 
  0x00000272c463d1e0: 61ff 0810 | 6424 1a62 | 61ff 0810 | 5c24 1962 | 61ff 0810 | 5424 1862 | 61ff 0810 | 4c24 1762 
  0x00000272c463d200: 61ff 0810 | 4424 1662 | e1ff 0810 | 7c24 1562 | e1ff 0810 | 7424 1462 | e1ff 0810 | 6c24 1362 
  0x00000272c463d220: e1ff 0810 | 6424 1262 | e1ff 0810 | 5c24 1162 | e1ff 0810 | 5424 1062 | e1ff 0810 | 4c24 0f62 
  0x00000272c463d240: e1ff 0810 | 4424 0ec5 | fb10 6c24 | 68c5 fb10 | 6424 60c5 | fb10 5c24 | 58c5 fb10 | 5424 50c5 
  0x00000272c463d260: fb10 4c24 | 48c5 fb10 | 4424 404c | 8b5c 2430 | 4c8b 5424 | 284c 8b4c | 2420 4c8b | 4424 1848 
  0x00000272c463d280: 8b54 2410 | 488b 4c24 | 0848 8b04 | 2448 81c4 | f000 0000 | c5f8 7748 | 8945 1048 | 83ec 1048 
  0x00000272c463d2a0: 8904 2448 | c744 2408 | 0000 0000 | 4183 bfd0 | 0400 0002 | 0f85 bf00 | 0000 4881 | ec80 0000 
  0x00000272c463d2c0: 0048 8944 | 2478 4889 | 4c24 7048 | 8954 2468 | 4889 5c24 | 6048 896c | 2450 4889 | 7424 4848 
  0x00000272c463d2e0: 897c 2440 | 4c89 4424 | 384c 894c | 2430 4c89 | 5424 284c | 895c 2420 | 4c89 6424 | 184c 896c 
  0x00000272c463d300: 2410 4c89 | 7424 084c | 893c 244c | 8be4 4883 | ec20 4883 | e4f0 48b8 | e021 1455 | ff7f 0000 
  0x00000272c463d320: ffd0 498b | e44c 8b3c | 244c 8b74 | 2408 4c8b | 6c24 104c | 8b64 2418 | 4c8b 5c24 | 204c 8b54 
  0x00000272c463d340: 2428 4c8b | 4c24 304c | 8b44 2438 | 488b 7c24 | 4048 8b74 | 2448 488b | 6c24 5048 | 8b5c 2460 
  0x00000272c463d360: 488b 5424 | 6848 8b4c | 2470 488b | 4424 7848 | 81c4 8000 | 0000 4d33 | e448 8b5d | e84c 8b6b 
  0x00000272c463d380: 084d 8d6d | 3849 837f | 0800 0f84 | bb00 0000 | e805 0000 | 00e9 9600 | 0000 488d | 4424 084c 
  0x00000272c463d3a0: 896d c049 | 8bcf c5f8 | 7749 89af | b803 0000 | 4989 87a8 | 0300 0048 | 83ec 2040 | f6c4 0f0f 
  0x00000272c463d3c0: 8419 0000 | 0048 83ec | 0848 b8b0 | 12db 54ff | 7f00 00ff | d048 83c4 | 08e9 0c00 | 0000 48b8 
  0x00000272c463d3e0: b012 db54 | ff7f 0000 | ffd0 4883 | c420 49c7 | 87a8 0300 | 0000 0000 | 0049 c787 | b803 0000 
  0x00000272c463d400: 0000 0000 | 49c7 87b0 | 0300 0000 | 0000 00c5 | f877 4983 | 7f08 000f | 8405 0000 | 00e9 9e3a 
  0x00000272c463d420: ffff 4c8b | 6dc0 4c8b | 75c8 4e8d | 74f5 00c3 | 48b9 b0b4 | 4355 ff7f | 0000 4883 | e4f0 48b8 
  0x00000272c463d440: c041 0155 | ff7f 0000 | ffd0 f444 | 8b5b 2841 | f6c3 200f | 8472 0100 | 0048 8d55 | a84c 8b5a 
  0x00000272c463d460: 084d 85db | 0f85 bb00 | 0000 e805 | 0000 00e9 | 9600 0000 | 488d 4424 | 084c 896d | c049 8bcf 
  0x00000272c463d480: c5f8 7749 | 89af b803 | 0000 4989 | 87a8 0300 | 0048 83ec | 2040 f6c4 | 0f0f 8419 | 0000 0048 
  0x00000272c463d4a0: 83ec 0848 | b8e0 11db | 54ff 7f00 | 00ff d048 | 83c4 08e9 | 0c00 0000 | 48b8 e011 | db54 ff7f 
  0x00000272c463d4c0: 0000 ffd0 | 4883 c420 | 49c7 87a8 | 0300 0000 | 0000 0049 | c787 b803 | 0000 0000 | 0000 49c7 
  0x00000272c463d4e0: 87b0 0300 | 0000 0000 | 00c5 f877 | 4983 7f08 | 000f 8405 | 0000 00e9 | c439 ffff | 4c8b 6dc0 
  0x00000272c463d500: 4c8b 75c8 | 4e8d 74f5 | 00c3 48b9 | b0b4 4355 | ff7f 0000 | 4883 e4f0 | 48b8 c041 | 0155 ff7f 
  0x00000272c463d520: 0000 ffd0 | f44c 896d | c04c 8b4a | 0848 c742 | 0800 0000 | 0045 8b87 | 5806 0000 | 4f3b 4c07 
  0x00000272c463d540: f80f 8542 | 0000 0041 | 83af 5806 | 0000 084f | 3b4c 07f0 | 0f84 2a00 | 0000 498b | 01a8 020f 
  0x00000272c463d560: 8512 0000 | 004c 8bc0 | 4983 c801 | f04d 0fb1 | 010f 840d | 0000 0041 | 8387 5806 | 0000 08e9 
  0x00000272c463d580: 0500 0000 | e93e 0000 | 004c 894a | 0848 8bca | 4883 ec20 | 40f6 c40f | 0f84 1900 | 0000 4883 
  0x00000272c463d5a0: ec08 48b8 | 70e4 da54 | ff7f 0000 | ffd0 4883 | c408 e90c | 0000 0048 | b870 e4da | 54ff 7f00 
  0x00000272c463d5c0: 00ff d048 | 83c4 204c | 8b6d c048 | 8b04 2448 | 83c4 10c5 | fb10 0424 | 4883 c410 | 4c8b 5d18 
  0x00000272c463d5e0: 41ff d34c | 8b5d f8c9 | 5f49 8be3 | ffe7 ba00 | 0000 00e8 | 0500 0000 | e996 0000 | 0048 8d44 
  0x00000272c463d600: 2408 4c89 | 6dc0 498b | cfc5 f877 | 4989 afb8 | 0300 0049 | 8987 a803 | 0000 4883 | ec20 40f6 
  0x00000272c463d620: c40f 0f84 | 1900 0000 | 4883 ec08 | 48b8 20d9 | da54 ff7f | 0000 ffd0 | 4883 c408 | e90c 0000 
  0x00000272c463d640: 0048 b820 | d9da 54ff | 7f00 00ff | d048 83c4 | 2049 c787 | a803 0000 | 0000 0000 | 49c7 87b8 
  0x00000272c463d660: 0300 0000 | 0000 0049 | c787 b003 | 0000 0000 | 0000 c5f8 | 7749 837f | 0800 0f84 | 0500 0000 
  0x00000272c463d680: e93b 38ff | ff4c 8b6d | c04c 8b75 | c84e 8d74 | f500 c348 | 8b5d e8e9 | 3af6 ffff | 0f1f 4000 
[/MachCode]

---------------  P R O C E S S  ---------------

Threads class SMR info:
_java_thread_list=0x000002731e59ddd0, length=11, elements={
0x00000272b2267c40, 0x00000272d60be350, 0x00000272d89460a0, 0x00000272d8949ed0,
0x00000272d896e630, 0x00000272d8973b50, 0x00000272d897d380, 0x00000272d8981e70,
0x00000272d8983a40, 0x00000272d8a58000, 0x00000272d8a6af90
}

Java Threads: ( => current thread )
=>0x00000272b2267c40 JavaThread "main"                              [_thread_in_native, id=13148, stack(0x000000ef2d200000,0x000000ef2d300000) (1024K)]
  0x00000272d60be350 JavaThread "Reference Handler"          daemon [_thread_blocked, id=7048, stack(0x000000ef2da00000,0x000000ef2db00000) (1024K)]
  0x00000272d89460a0 JavaThread "Finalizer"                  daemon [_thread_blocked, id=25128, stack(0x000000ef2db00000,0x000000ef2dc00000) (1024K)]
  0x00000272d8949ed0 JavaThread "Signal Dispatcher"          daemon [_thread_blocked, id=3984, stack(0x000000ef2dc00000,0x000000ef2dd00000) (1024K)]
  0x00000272d896e630 JavaThread "Attach Listener"            daemon [_thread_blocked, id=6420, stack(0x000000ef2dd00000,0x000000ef2de00000) (1024K)]
  0x00000272d8973b50 JavaThread "Service Thread"             daemon [_thread_blocked, id=3428, stack(0x000000ef2de00000,0x000000ef2df00000) (1024K)]
  0x00000272d897d380 JavaThread "Monitor Deflation Thread"   daemon [_thread_blocked, id=13124, stack(0x000000ef2df00000,0x000000ef2e000000) (1024K)]
  0x00000272d8981e70 JavaThread "C2 CompilerThread0"         daemon [_thread_blocked, id=23992, stack(0x000000ef2e000000,0x000000ef2e100000) (1024K)]
  0x00000272d8983a40 JavaThread "C1 CompilerThread0"         daemon [_thread_blocked, id=14948, stack(0x000000ef2e100000,0x000000ef2e200000) (1024K)]
  0x00000272d8a58000 JavaThread "Notification Thread"        daemon [_thread_blocked, id=21176, stack(0x000000ef2e200000,0x000000ef2e300000) (1024K)]
  0x00000272d8a6af90 JavaThread "Common-Cleaner"             daemon [_thread_blocked, id=17888, stack(0x000000ef2e300000,0x000000ef2e400000) (1024K)]
Total: 11

Other Threads:
  0x00000272d60b3b90 VMThread "VM Thread"                           [id=13584, stack(0x000000ef2d900000,0x000000ef2da00000) (1024K)]
  0x00000272d60a0fd0 WatcherThread "VM Periodic Task Thread"        [id=17100, stack(0x000000ef2d800000,0x000000ef2d900000) (1024K)]
  0x00000272b46bc4b0 WorkerThread "GC Thread#0"                     [id=6648, stack(0x000000ef2d300000,0x000000ef2d400000) (1024K)]
  0x00000272d5ec3e50 ConcurrentGCThread "G1 Main Marker"            [id=3416, stack(0x000000ef2d400000,0x000000ef2d500000) (1024K)]
  0x00000272d5ec56b0 WorkerThread "G1 Conc#0"                       [id=19972, stack(0x000000ef2d500000,0x000000ef2d600000) (1024K)]
  0x00000272d5f69dd0 ConcurrentGCThread "G1 Refine#0"               [id=3732, stack(0x000000ef2d600000,0x000000ef2d700000) (1024K)]
  0x00000272d5f6b310 ConcurrentGCThread "G1 Service"                [id=12048, stack(0x000000ef2d700000,0x000000ef2d800000) (1024K)]
Total: 7

Threads with active compile tasks:
Total: 0

VM state: not at safepoint (normal execution)

VM Mutex/Monitor currently owned by a thread: None

Heap address: 0x0000000611c00000, size: 7908 MB, Compressed Oops mode: Zero based, Oop shift amount: 3

CDS archive(s) mapped at: [0x00000272d9000000-0x00000272d9d40000-0x00000272d9d40000), size 13893632, SharedBaseAddress: 0x00000272d9000000, ArchiveRelocationMode: 1.
Compressed class space mapped at: 0x00000272da000000-0x000002731a000000, reserved size: 1073741824
UseCompressedClassPointers 1, UseCompactObjectHeaders 0
Narrow klass pointer bits 32, Max shift 3
Narrow klass base: 0x00000272d9000000, Narrow klass shift: 0
Encoding Range: [0x00000272d9000000 - 0x00000273d9000000), (4294967296 bytes)
Klass Range:    [0x00000272d9000000 - 0x000002731a000000), (1090519040 bytes)
Klass ID Range:  [8 - 1090519033) (1090519025)

GC Precious Log:
 CardTable entry size: 512
 Card Set container configuration: InlinePtr #cards 4 size 8 Array Of Cards #cards 32 size 80 Howl #buckets 8 coarsen threshold 7372 Howl Bitmap #cards 1024 size 144 coarsen threshold 921 Card regions per heap region 1 cards per card region 8192
 CPUs: 8 total, 8 available
 Memory: 31621M
 Large Page Support: Disabled
 NUMA Support: Disabled
 Compressed Oops: Enabled (Zero based)
 Heap Region Size: 4M
 Heap Min Capacity: 8M
 Heap Initial Capacity: 496M
 Heap Max Capacity: 7908M
 Pre-touch: Disabled
 Parallel Workers: 8
 Concurrent Workers: 2
 Concurrent Refinement Workers: 8
 Periodic GC: Disabled

Heap:
 garbage-first heap   total reserved 8097792K, committed 512000K, used 9328K [0x0000000611c00000, 0x0000000800000000)
  region size 4096K, 3 young (12288K), 0 survivors (0K)
 Metaspace       used 4192K, committed 4416K, reserved 1114112K
  class space    used 244K, committed 384K, reserved 1048576K

Heap Regions: E=young(eden), S=young(survivor), O=old, HS=humongous(starts), HC=humongous(continues), CS=collection set, F=free, TAMS=top-at-mark-start, PB=parsable bottom
|   0|0x0000000611c00000, 0x0000000611c00000, 0x0000000612000000|  0%| F|  |TAMS 0x0000000611c00000| PB 0x0000000611c00000| Untracked |  0
|   1|0x0000000612000000, 0x0000000612000000, 0x0000000612400000|  0%| F|  |TAMS 0x0000000612000000| PB 0x0000000612000000| Untracked |  0
|   2|0x0000000612400000, 0x0000000612400000, 0x0000000612800000|  0%| F|  |TAMS 0x0000000612400000| PB 0x0000000612400000| Untracked |  0
|   3|0x0000000612800000, 0x0000000612800000, 0x0000000612c00000|  0%| F|  |TAMS 0x0000000612800000| PB 0x0000000612800000| Untracked |  0
|   4|0x0000000612c00000, 0x0000000612c00000, 0x0000000613000000|  0%| F|  |TAMS 0x0000000612c00000| PB 0x0000000612c00000| Untracked |  0
|   5|0x0000000613000000, 0x0000000613000000, 0x0000000613400000|  0%| F|  |TAMS 0x0000000613000000| PB 0x0000000613000000| Untracked |  0
|   6|0x0000000613400000, 0x0000000613400000, 0x0000000613800000|  0%| F|  |TAMS 0x0000000613400000| PB 0x0000000613400000| Untracked |  0
|   7|0x0000000613800000, 0x0000000613800000, 0x0000000613c00000|  0%| F|  |TAMS 0x0000000613800000| PB 0x0000000613800000| Untracked |  0
|   8|0x0000000613c00000, 0x0000000613c00000, 0x0000000614000000|  0%| F|  |TAMS 0x0000000613c00000| PB 0x0000000613c00000| Untracked |  0
|   9|0x0000000614000000, 0x0000000614000000, 0x0000000614400000|  0%| F|  |TAMS 0x0000000614000000| PB 0x0000000614000000| Untracked |  0
|  10|0x0000000614400000, 0x0000000614400000, 0x0000000614800000|  0%| F|  |TAMS 0x0000000614400000| PB 0x0000000614400000| Untracked |  0
|  11|0x0000000614800000, 0x0000000614800000, 0x0000000614c00000|  0%| F|  |TAMS 0x0000000614800000| PB 0x0000000614800000| Untracked |  0
|  12|0x0000000614c00000, 0x0000000614c00000, 0x0000000615000000|  0%| F|  |TAMS 0x0000000614c00000| PB 0x0000000614c00000| Untracked |  0
|  13|0x0000000615000000, 0x0000000615000000, 0x0000000615400000|  0%| F|  |TAMS 0x0000000615000000| PB 0x0000000615000000| Untracked |  0
|  14|0x0000000615400000, 0x0000000615400000, 0x0000000615800000|  0%| F|  |TAMS 0x0000000615400000| PB 0x0000000615400000| Untracked |  0
|  15|0x0000000615800000, 0x0000000615800000, 0x0000000615c00000|  0%| F|  |TAMS 0x0000000615800000| PB 0x0000000615800000| Untracked |  0
|  16|0x0000000615c00000, 0x0000000615c00000, 0x0000000616000000|  0%| F|  |TAMS 0x0000000615c00000| PB 0x0000000615c00000| Untracked |  0
|  17|0x0000000616000000, 0x0000000616000000, 0x0000000616400000|  0%| F|  |TAMS 0x0000000616000000| PB 0x0000000616000000| Untracked |  0
|  18|0x0000000616400000, 0x0000000616400000, 0x0000000616800000|  0%| F|  |TAMS 0x0000000616400000| PB 0x0000000616400000| Untracked |  0
|  19|0x0000000616800000, 0x0000000616800000, 0x0000000616c00000|  0%| F|  |TAMS 0x0000000616800000| PB 0x0000000616800000| Untracked |  0
|  20|0x0000000616c00000, 0x0000000616c00000, 0x0000000617000000|  0%| F|  |TAMS 0x0000000616c00000| PB 0x0000000616c00000| Untracked |  0
|  21|0x0000000617000000, 0x0000000617000000, 0x0000000617400000|  0%| F|  |TAMS 0x0000000617000000| PB 0x0000000617000000| Untracked |  0
|  22|0x0000000617400000, 0x0000000617400000, 0x0000000617800000|  0%| F|  |TAMS 0x0000000617400000| PB 0x0000000617400000| Untracked |  0
|  23|0x0000000617800000, 0x0000000617800000, 0x0000000617c00000|  0%| F|  |TAMS 0x0000000617800000| PB 0x0000000617800000| Untracked |  0
|  24|0x0000000617c00000, 0x0000000617c00000, 0x0000000618000000|  0%| F|  |TAMS 0x0000000617c00000| PB 0x0000000617c00000| Untracked |  0
|  25|0x0000000618000000, 0x0000000618000000, 0x0000000618400000|  0%| F|  |TAMS 0x0000000618000000| PB 0x0000000618000000| Untracked |  0
|  26|0x0000000618400000, 0x0000000618400000, 0x0000000618800000|  0%| F|  |TAMS 0x0000000618400000| PB 0x0000000618400000| Untracked |  0
|  27|0x0000000618800000, 0x0000000618800000, 0x0000000618c00000|  0%| F|  |TAMS 0x0000000618800000| PB 0x0000000618800000| Untracked |  0
|  28|0x0000000618c00000, 0x0000000618c00000, 0x0000000619000000|  0%| F|  |TAMS 0x0000000618c00000| PB 0x0000000618c00000| Untracked |  0
|  29|0x0000000619000000, 0x0000000619000000, 0x0000000619400000|  0%| F|  |TAMS 0x0000000619000000| PB 0x0000000619000000| Untracked |  0
|  30|0x0000000619400000, 0x0000000619400000, 0x0000000619800000|  0%| F|  |TAMS 0x0000000619400000| PB 0x0000000619400000| Untracked |  0
|  31|0x0000000619800000, 0x0000000619800000, 0x0000000619c00000|  0%| F|  |TAMS 0x0000000619800000| PB 0x0000000619800000| Untracked |  0
|  32|0x0000000619c00000, 0x0000000619c00000, 0x000000061a000000|  0%| F|  |TAMS 0x0000000619c00000| PB 0x0000000619c00000| Untracked |  0
|  33|0x000000061a000000, 0x000000061a000000, 0x000000061a400000|  0%| F|  |TAMS 0x000000061a000000| PB 0x000000061a000000| Untracked |  0
|  34|0x000000061a400000, 0x000000061a400000, 0x000000061a800000|  0%| F|  |TAMS 0x000000061a400000| PB 0x000000061a400000| Untracked |  0
|  35|0x000000061a800000, 0x000000061a800000, 0x000000061ac00000|  0%| F|  |TAMS 0x000000061a800000| PB 0x000000061a800000| Untracked |  0
|  36|0x000000061ac00000, 0x000000061ac00000, 0x000000061b000000|  0%| F|  |TAMS 0x000000061ac00000| PB 0x000000061ac00000| Untracked |  0
|  37|0x000000061b000000, 0x000000061b000000, 0x000000061b400000|  0%| F|  |TAMS 0x000000061b000000| PB 0x000000061b000000| Untracked |  0
|  38|0x000000061b400000, 0x000000061b400000, 0x000000061b800000|  0%| F|  |TAMS 0x000000061b400000| PB 0x000000061b400000| Untracked |  0
|  39|0x000000061b800000, 0x000000061b800000, 0x000000061bc00000|  0%| F|  |TAMS 0x000000061b800000| PB 0x000000061b800000| Untracked |  0
|  40|0x000000061bc00000, 0x000000061bc00000, 0x000000061c000000|  0%| F|  |TAMS 0x000000061bc00000| PB 0x000000061bc00000| Untracked |  0
|  41|0x000000061c000000, 0x000000061c000000, 0x000000061c400000|  0%| F|  |TAMS 0x000000061c000000| PB 0x000000061c000000| Untracked |  0
|  42|0x000000061c400000, 0x000000061c400000, 0x000000061c800000|  0%| F|  |TAMS 0x000000061c400000| PB 0x000000061c400000| Untracked |  0
|  43|0x000000061c800000, 0x000000061c800000, 0x000000061cc00000|  0%| F|  |TAMS 0x000000061c800000| PB 0x000000061c800000| Untracked |  0
|  44|0x000000061cc00000, 0x000000061cc00000, 0x000000061d000000|  0%| F|  |TAMS 0x000000061cc00000| PB 0x000000061cc00000| Untracked |  0
|  45|0x000000061d000000, 0x000000061d000000, 0x000000061d400000|  0%| F|  |TAMS 0x000000061d000000| PB 0x000000061d000000| Untracked |  0
|  46|0x000000061d400000, 0x000000061d400000, 0x000000061d800000|  0%| F|  |TAMS 0x000000061d400000| PB 0x000000061d400000| Untracked |  0
|  47|0x000000061d800000, 0x000000061d800000, 0x000000061dc00000|  0%| F|  |TAMS 0x000000061d800000| PB 0x000000061d800000| Untracked |  0
|  48|0x000000061dc00000, 0x000000061dc00000, 0x000000061e000000|  0%| F|  |TAMS 0x000000061dc00000| PB 0x000000061dc00000| Untracked |  0
|  49|0x000000061e000000, 0x000000061e000000, 0x000000061e400000|  0%| F|  |TAMS 0x000000061e000000| PB 0x000000061e000000| Untracked |  0
|  50|0x000000061e400000, 0x000000061e400000, 0x000000061e800000|  0%| F|  |TAMS 0x000000061e400000| PB 0x000000061e400000| Untracked |  0
|  51|0x000000061e800000, 0x000000061e800000, 0x000000061ec00000|  0%| F|  |TAMS 0x000000061e800000| PB 0x000000061e800000| Untracked |  0
|  52|0x000000061ec00000, 0x000000061ec00000, 0x000000061f000000|  0%| F|  |TAMS 0x000000061ec00000| PB 0x000000061ec00000| Untracked |  0
|  53|0x000000061f000000, 0x000000061f000000, 0x000000061f400000|  0%| F|  |TAMS 0x000000061f000000| PB 0x000000061f000000| Untracked |  0
|  54|0x000000061f400000, 0x000000061f400000, 0x000000061f800000|  0%| F|  |TAMS 0x000000061f400000| PB 0x000000061f400000| Untracked |  0
|  55|0x000000061f800000, 0x000000061f800000, 0x000000061fc00000|  0%| F|  |TAMS 0x000000061f800000| PB 0x000000061f800000| Untracked |  0
|  56|0x000000061fc00000, 0x000000061fc00000, 0x0000000620000000|  0%| F|  |TAMS 0x000000061fc00000| PB 0x000000061fc00000| Untracked |  0
|  57|0x0000000620000000, 0x0000000620000000, 0x0000000620400000|  0%| F|  |TAMS 0x0000000620000000| PB 0x0000000620000000| Untracked |  0
|  58|0x0000000620400000, 0x0000000620400000, 0x0000000620800000|  0%| F|  |TAMS 0x0000000620400000| PB 0x0000000620400000| Untracked |  0
|  59|0x0000000620800000, 0x0000000620800000, 0x0000000620c00000|  0%| F|  |TAMS 0x0000000620800000| PB 0x0000000620800000| Untracked |  0
|  60|0x0000000620c00000, 0x0000000620c00000, 0x0000000621000000|  0%| F|  |TAMS 0x0000000620c00000| PB 0x0000000620c00000| Untracked |  0
|  61|0x0000000621000000, 0x0000000621000000, 0x0000000621400000|  0%| F|  |TAMS 0x0000000621000000| PB 0x0000000621000000| Untracked |  0
|  62|0x0000000621400000, 0x0000000621400000, 0x0000000621800000|  0%| F|  |TAMS 0x0000000621400000| PB 0x0000000621400000| Untracked |  0
|  63|0x0000000621800000, 0x0000000621800000, 0x0000000621c00000|  0%| F|  |TAMS 0x0000000621800000| PB 0x0000000621800000| Untracked |  0
|  64|0x0000000621c00000, 0x0000000621c00000, 0x0000000622000000|  0%| F|  |TAMS 0x0000000621c00000| PB 0x0000000621c00000| Untracked |  0
|  65|0x0000000622000000, 0x0000000622000000, 0x0000000622400000|  0%| F|  |TAMS 0x0000000622000000| PB 0x0000000622000000| Untracked |  0
|  66|0x0000000622400000, 0x0000000622400000, 0x0000000622800000|  0%| F|  |TAMS 0x0000000622400000| PB 0x0000000622400000| Untracked |  0
|  67|0x0000000622800000, 0x0000000622800000, 0x0000000622c00000|  0%| F|  |TAMS 0x0000000622800000| PB 0x0000000622800000| Untracked |  0
|  68|0x0000000622c00000, 0x0000000622c00000, 0x0000000623000000|  0%| F|  |TAMS 0x0000000622c00000| PB 0x0000000622c00000| Untracked |  0
|  69|0x0000000623000000, 0x0000000623000000, 0x0000000623400000|  0%| F|  |TAMS 0x0000000623000000| PB 0x0000000623000000| Untracked |  0
|  70|0x0000000623400000, 0x0000000623400000, 0x0000000623800000|  0%| F|  |TAMS 0x0000000623400000| PB 0x0000000623400000| Untracked |  0
|  71|0x0000000623800000, 0x0000000623800000, 0x0000000623c00000|  0%| F|  |TAMS 0x0000000623800000| PB 0x0000000623800000| Untracked |  0
|  72|0x0000000623c00000, 0x0000000623c00000, 0x0000000624000000|  0%| F|  |TAMS 0x0000000623c00000| PB 0x0000000623c00000| Untracked |  0
|  73|0x0000000624000000, 0x0000000624000000, 0x0000000624400000|  0%| F|  |TAMS 0x0000000624000000| PB 0x0000000624000000| Untracked |  0
|  74|0x0000000624400000, 0x0000000624400000, 0x0000000624800000|  0%| F|  |TAMS 0x0000000624400000| PB 0x0000000624400000| Untracked |  0
|  75|0x0000000624800000, 0x0000000624800000, 0x0000000624c00000|  0%| F|  |TAMS 0x0000000624800000| PB 0x0000000624800000| Untracked |  0
|  76|0x0000000624c00000, 0x0000000624c00000, 0x0000000625000000|  0%| F|  |TAMS 0x0000000624c00000| PB 0x0000000624c00000| Untracked |  0
|  77|0x0000000625000000, 0x0000000625000000, 0x0000000625400000|  0%| F|  |TAMS 0x0000000625000000| PB 0x0000000625000000| Untracked |  0
|  78|0x0000000625400000, 0x0000000625400000, 0x0000000625800000|  0%| F|  |TAMS 0x0000000625400000| PB 0x0000000625400000| Untracked |  0
|  79|0x0000000625800000, 0x0000000625800000, 0x0000000625c00000|  0%| F|  |TAMS 0x0000000625800000| PB 0x0000000625800000| Untracked |  0
|  80|0x0000000625c00000, 0x0000000625c00000, 0x0000000626000000|  0%| F|  |TAMS 0x0000000625c00000| PB 0x0000000625c00000| Untracked |  0
|  81|0x0000000626000000, 0x0000000626000000, 0x0000000626400000|  0%| F|  |TAMS 0x0000000626000000| PB 0x0000000626000000| Untracked |  0
|  82|0x0000000626400000, 0x0000000626400000, 0x0000000626800000|  0%| F|  |TAMS 0x0000000626400000| PB 0x0000000626400000| Untracked |  0
|  83|0x0000000626800000, 0x0000000626800000, 0x0000000626c00000|  0%| F|  |TAMS 0x0000000626800000| PB 0x0000000626800000| Untracked |  0
|  84|0x0000000626c00000, 0x0000000626c00000, 0x0000000627000000|  0%| F|  |TAMS 0x0000000626c00000| PB 0x0000000626c00000| Untracked |  0
|  85|0x0000000627000000, 0x0000000627000000, 0x0000000627400000|  0%| F|  |TAMS 0x0000000627000000| PB 0x0000000627000000| Untracked |  0
|  86|0x0000000627400000, 0x0000000627400000, 0x0000000627800000|  0%| F|  |TAMS 0x0000000627400000| PB 0x0000000627400000| Untracked |  0
|  87|0x0000000627800000, 0x0000000627800000, 0x0000000627c00000|  0%| F|  |TAMS 0x0000000627800000| PB 0x0000000627800000| Untracked |  0
|  88|0x0000000627c00000, 0x0000000627c00000, 0x0000000628000000|  0%| F|  |TAMS 0x0000000627c00000| PB 0x0000000627c00000| Untracked |  0
|  89|0x0000000628000000, 0x0000000628000000, 0x0000000628400000|  0%| F|  |TAMS 0x0000000628000000| PB 0x0000000628000000| Untracked |  0
|  90|0x0000000628400000, 0x0000000628400000, 0x0000000628800000|  0%| F|  |TAMS 0x0000000628400000| PB 0x0000000628400000| Untracked |  0
|  91|0x0000000628800000, 0x0000000628800000, 0x0000000628c00000|  0%| F|  |TAMS 0x0000000628800000| PB 0x0000000628800000| Untracked |  0
|  92|0x0000000628c00000, 0x0000000628c00000, 0x0000000629000000|  0%| F|  |TAMS 0x0000000628c00000| PB 0x0000000628c00000| Untracked |  0
|  93|0x0000000629000000, 0x0000000629000000, 0x0000000629400000|  0%| F|  |TAMS 0x0000000629000000| PB 0x0000000629000000| Untracked |  0
|  94|0x0000000629400000, 0x0000000629400000, 0x0000000629800000|  0%| F|  |TAMS 0x0000000629400000| PB 0x0000000629400000| Untracked |  0
|  95|0x0000000629800000, 0x0000000629800000, 0x0000000629c00000|  0%| F|  |TAMS 0x0000000629800000| PB 0x0000000629800000| Untracked |  0
|  96|0x0000000629c00000, 0x0000000629c00000, 0x000000062a000000|  0%| F|  |TAMS 0x0000000629c00000| PB 0x0000000629c00000| Untracked |  0
|  97|0x000000062a000000, 0x000000062a000000, 0x000000062a400000|  0%| F|  |TAMS 0x000000062a000000| PB 0x000000062a000000| Untracked |  0
|  98|0x000000062a400000, 0x000000062a400000, 0x000000062a800000|  0%| F|  |TAMS 0x000000062a400000| PB 0x000000062a400000| Untracked |  0
|  99|0x000000062a800000, 0x000000062a800000, 0x000000062ac00000|  0%| F|  |TAMS 0x000000062a800000| PB 0x000000062a800000| Untracked |  0
| 100|0x000000062ac00000, 0x000000062ac00000, 0x000000062b000000|  0%| F|  |TAMS 0x000000062ac00000| PB 0x000000062ac00000| Untracked |  0
| 101|0x000000062b000000, 0x000000062b000000, 0x000000062b400000|  0%| F|  |TAMS 0x000000062b000000| PB 0x000000062b000000| Untracked |  0
| 102|0x000000062b400000, 0x000000062b400000, 0x000000062b800000|  0%| F|  |TAMS 0x000000062b400000| PB 0x000000062b400000| Untracked |  0
| 103|0x000000062b800000, 0x000000062b800000, 0x000000062bc00000|  0%| F|  |TAMS 0x000000062b800000| PB 0x000000062b800000| Untracked |  0
| 104|0x000000062bc00000, 0x000000062bc00000, 0x000000062c000000|  0%| F|  |TAMS 0x000000062bc00000| PB 0x000000062bc00000| Untracked |  0
| 105|0x000000062c000000, 0x000000062c000000, 0x000000062c400000|  0%| F|  |TAMS 0x000000062c000000| PB 0x000000062c000000| Untracked |  0
| 106|0x000000062c400000, 0x000000062c400000, 0x000000062c800000|  0%| F|  |TAMS 0x000000062c400000| PB 0x000000062c400000| Untracked |  0
| 107|0x000000062c800000, 0x000000062c800000, 0x000000062cc00000|  0%| F|  |TAMS 0x000000062c800000| PB 0x000000062c800000| Untracked |  0
| 108|0x000000062cc00000, 0x000000062cc00000, 0x000000062d000000|  0%| F|  |TAMS 0x000000062cc00000| PB 0x000000062cc00000| Untracked |  0
| 109|0x000000062d000000, 0x000000062d000000, 0x000000062d400000|  0%| F|  |TAMS 0x000000062d000000| PB 0x000000062d000000| Untracked |  0
| 110|0x000000062d400000, 0x000000062d400000, 0x000000062d800000|  0%| F|  |TAMS 0x000000062d400000| PB 0x000000062d400000| Untracked |  0
| 111|0x000000062d800000, 0x000000062d800000, 0x000000062dc00000|  0%| F|  |TAMS 0x000000062d800000| PB 0x000000062d800000| Untracked |  0
| 112|0x000000062dc00000, 0x000000062dc00000, 0x000000062e000000|  0%| F|  |TAMS 0x000000062dc00000| PB 0x000000062dc00000| Untracked |  0
| 113|0x000000062e000000, 0x000000062e000000, 0x000000062e400000|  0%| F|  |TAMS 0x000000062e000000| PB 0x000000062e000000| Untracked |  0
| 114|0x000000062e400000, 0x000000062e400000, 0x000000062e800000|  0%| F|  |TAMS 0x000000062e400000| PB 0x000000062e400000| Untracked |  0
| 115|0x000000062e800000, 0x000000062e800000, 0x000000062ec00000|  0%| F|  |TAMS 0x000000062e800000| PB 0x000000062e800000| Untracked |  0
| 116|0x000000062ec00000, 0x000000062ec00000, 0x000000062f000000|  0%| F|  |TAMS 0x000000062ec00000| PB 0x000000062ec00000| Untracked |  0
| 117|0x000000062f000000, 0x000000062f000000, 0x000000062f400000|  0%| F|  |TAMS 0x000000062f000000| PB 0x000000062f000000| Untracked |  0
| 118|0x000000062f400000, 0x000000062f400000, 0x000000062f800000|  0%| F|  |TAMS 0x000000062f400000| PB 0x000000062f400000| Untracked |  0
| 119|0x000000062f800000, 0x000000062f800000, 0x000000062fc00000|  0%| F|  |TAMS 0x000000062f800000| PB 0x000000062f800000| Untracked |  0
| 120|0x000000062fc00000, 0x000000062fc00000, 0x0000000630000000|  0%| F|  |TAMS 0x000000062fc00000| PB 0x000000062fc00000| Untracked |  0
| 121|0x0000000630000000, 0x00000006302ef858, 0x0000000630400000| 73%| E|  |TAMS 0x0000000630000000| PB 0x0000000630000000| Complete |  0
| 122|0x0000000630400000, 0x0000000630800000, 0x0000000630800000|100%| E|CS|TAMS 0x0000000630400000| PB 0x0000000630400000| Complete |  0
| 123|0x0000000630800000, 0x0000000630c00000, 0x0000000630c00000|100%| E|CS|TAMS 0x0000000630800000| PB 0x0000000630800000| Complete |  0
|1976|0x00000007ffc00000, 0x00000007ffd1c330, 0x0000000800000000| 27%| O|  |TAMS 0x00000007ffc00000| PB 0x00000007ffc00000| Untracked |  0

Card table byte_map: [0x00000272cd3b0000,0x00000272ce330000] _byte_map_base: 0x00000272ca322000

Marking Bits: (CMBitMap*) 0x00000272b46beed0
 Bits: [0x00000272ce330000, 0x00000272d5ec0000)

Polling page: 0x00000272b23e0000

Metaspace:

Usage:
  Non-class:      3.85 MB used.
      Class:    244.98 KB used.
       Both:      4.09 MB used.

Virtual space:
  Non-class space:       64.00 MB reserved,       3.94 MB (  6%) committed,  1 nodes.
      Class space:        1.00 GB reserved,     384.00 KB ( <1%) committed,  1 nodes.
             Both:        1.06 GB reserved,       4.31 MB ( <1%) committed. 

Chunk freelists:
   Non-Class:  9.95 MB
       Class:  15.62 MB
        Both:  25.57 MB

MaxMetaspaceSize: unlimited
CompressedClassSpaceSize: 1.00 GB
Initial GC threshold: 21.00 MB
Current GC threshold: 21.00 MB
CDS: on
 - commit_granule_bytes: 65536.
 - commit_granule_words: 8192.
 - virtual_space_node_default_size: 8388608.
 - enlarge_chunks_in_place: 1.
UseCompressedClassPointers 1, UseCompactObjectHeaders 0
Narrow klass pointer bits 32, Max shift 3
Narrow klass base: 0x00000272d9000000, Narrow klass shift: 0
Encoding Range: [0x00000272d9000000 - 0x00000273d9000000), (4294967296 bytes)
Klass Range:    [0x00000272d9000000 - 0x000002731a000000), (1090519040 bytes)
Klass ID Range:  [8 - 1090519033) (1090519025)


Internal statistics:

num_allocs_failed_limit: 0.
num_arena_births: 82.
num_arena_deaths: 0.
num_vsnodes_births: 2.
num_vsnodes_deaths: 0.
num_space_committed: 68.
num_space_uncommitted: 0.
num_chunks_returned_to_freelist: 0.
num_chunks_taken_from_freelist: 185.
num_chunk_merges: 0.
num_chunk_splits: 121.
num_chunks_enlarged: 73.
num_inconsistent_stats: 0.

CodeHeap 'non-profiled nmethods': size=120064Kb used=218Kb max_used=218Kb free=119845Kb
 bounds [0x00000272c4bc0000, 0x00000272c4e30000, 0x00000272cc100000]
CodeHeap 'profiled nmethods': size=120000Kb used=1152Kb max_used=1152Kb free=118847Kb
 bounds [0x00000272bd100000, 0x00000272bd370000, 0x00000272c4630000]
CodeHeap 'non-nmethods': size=5696Kb used=2174Kb max_used=2189Kb free=3521Kb
 bounds [0x00000272c4630000, 0x00000272c48a0000, 0x00000272c4bc0000]
CodeCache: size=245760Kb, used=3544Kb, max_used=3559Kb, free=242213Kb
 total_blobs=1887, nmethods=800, adapters=993, full_count=0
Compilation: enabled, stopped_count=0, restarted_count=0

Compilation events (20 events):
Event: 0.429 Thread 0x00000272d8981e70 nmethod 796 0x00000272c4bf5408 code [0x00000272c4bf5500, 0x00000272c4bf55c8]
Event: 0.429 Thread 0x00000272d8981e70  794       4       java.lang.StringBuilder::append (8 bytes)
Event: 0.429 Thread 0x00000272d8983a40 nmethod 789 0x00000272bd21dd88 code [0x00000272bd21df60, 0x00000272bd21e960]
Event: 0.430 Thread 0x00000272d8983a40  790       3       sun.nio.fs.WindowsPath$WindowsPathWithAttributes::<init> (23 bytes)
Event: 0.430 Thread 0x00000272d8983a40 nmethod 790 0x00000272bd21ea08 code [0x00000272bd21eb60, 0x00000272bd21f1f0]
Event: 0.430 Thread 0x00000272d8983a40  791       3       java.nio.file.Files$AcceptAllFilter::accept (9 bytes)
Event: 0.430 Thread 0x00000272d8983a40 nmethod 791 0x00000272bd21f288 code [0x00000272bd21f3a0, 0x00000272bd21f5f8]
Event: 0.430 Thread 0x00000272d8983a40  792       3       sun.nio.fs.WindowsDirectoryStream$WindowsDirectoryIterator::next (5 bytes)
Event: 0.430 Thread 0x00000272d8983a40 nmethod 792 0x00000272bd21f688 code [0x00000272bd21f7a0, 0x00000272bd21f8d8]
Event: 0.430 Thread 0x00000272d8983a40  793  s    3       sun.nio.fs.WindowsDirectoryStream$WindowsDirectoryIterator::next (48 bytes)
Event: 0.430 Thread 0x00000272d8983a40 nmethod 793 0x00000272bd21f988 code [0x00000272bd21fac0, 0x00000272bd21fea0]
Event: 0.430 Thread 0x00000272d8983a40  797       3       java.lang.Integer::rotateRight (9 bytes)
Event: 0.430 Thread 0x00000272d8983a40 nmethod 797 0x00000272bd21ff08 code [0x00000272bd220020, 0x00000272bd220118]
Event: 0.431 Thread 0x00000272d8981e70 nmethod 794 0x00000272c4bf5708 code [0x00000272c4bf5840, 0x00000272c4bf5f10]
Event: 0.431 Thread 0x00000272d8981e70  798       4       java.lang.invoke.VarHandle::checkAccessModeThenIsDirect (29 bytes)
Event: 0.432 Thread 0x00000272d8981e70 nmethod 798 0x00000272c4bf5f88 code [0x00000272c4bf60a0, 0x00000272c4bf6348]
Event: 0.432 Thread 0x00000272d8981e70  800       4       java.lang.invoke.VarForm::getMemberName (38 bytes)
Event: 0.432 Thread 0x00000272d8981e70 nmethod 800 0x00000272c4bf6388 code [0x00000272c4bf64a0, 0x00000272c4bf65b8]
Event: 0.432 Thread 0x00000272d8981e70  799       4       java.lang.Integer::rotateRight (9 bytes)
Event: 0.432 Thread 0x00000272d8981e70 nmethod 799 0x00000272c4bf6688 code [0x00000272c4bf6780, 0x00000272c4bf67f0]

GC Heap History (0 events):
No events

Dll operation events (9 events):
Event: 0.005 Loaded shared library C:\Users\Arjun\.jdks\corretto-24.0.2\bin\java.dll
Event: 0.018 Loaded shared library C:\Users\Arjun\.jdks\corretto-24.0.2\bin\jsvml.dll
Event: 0.024 Loaded shared library C:\Users\Arjun\.jdks\corretto-24.0.2\bin\net.dll
Event: 0.025 Loaded shared library C:\Users\Arjun\.jdks\corretto-24.0.2\bin\nio.dll
Event: 0.031 Loaded shared library C:\Users\Arjun\.jdks\corretto-24.0.2\bin\zip.dll
Event: 0.054 Loaded shared library C:\Users\Arjun\.jdks\corretto-24.0.2\bin\jimage.dll
Event: 0.067 Loaded shared library C:\Users\Arjun\AppData\Local\Temp\lwjgl_Arjun\3.4.1+2\x64\lwjgl.dll
Event: 0.237 Loaded shared library C:\Users\Arjun\AppData\Local\Temp\lwjgl_Arjun\3.4.1+2\x64\lwjgl_opengl.dll
Event: 0.351 Loaded shared library C:\Users\Arjun\AppData\Local\Temp\JCudaDriver-12.6.0-windows-x86_64.dll

Deoptimization events (10 events):
Event: 0.090 Thread 0x00000272b2267c40 DEOPT PACKING pc=0x00000272bd1755cd sp=0x000000ef2d2fd870
Event: 0.090 Thread 0x00000272b2267c40 DEOPT UNPACKING pc=0x00000272c4686642 sp=0x000000ef2d2fcd08 mode 0
Event: 0.410 Thread 0x00000272b2267c40 DEOPT PACKING pc=0x00000272bd11ae79 sp=0x000000ef2d2fe0d0
Event: 0.410 Thread 0x00000272b2267c40 DEOPT UNPACKING pc=0x00000272c4686642 sp=0x000000ef2d2fd520 mode 0
Event: 0.418 Thread 0x00000272b2267c40 Uncommon trap: trap_request=0xffffff6e fr.pc=0x00000272c4bf11c4 relative=0x0000000000000424
Event: 0.418 Thread 0x00000272b2267c40 Uncommon trap: reason=loop_limit_check action=maybe_recompile pc=0x00000272c4bf11c4 method=java.lang.StringLatin1.indexOf([BI[BII)I @ 37 c2
Event: 0.418 Thread 0x00000272b2267c40 DEOPT PACKING pc=0x00000272c4bf11c4 sp=0x000000ef2d2fed20
Event: 0.418 Thread 0x00000272b2267c40 DEOPT UNPACKING pc=0x00000272c4756d02 sp=0x000000ef2d2fec80 mode 2
Event: 0.427 Thread 0x00000272b2267c40 DEOPT PACKING pc=0x00000272bd20ff58 sp=0x000000ef2d2fdf20
Event: 0.427 Thread 0x00000272b2267c40 DEOPT UNPACKING pc=0x00000272c4686642 sp=0x000000ef2d2fd358 mode 0

Classes loaded (20 events):
Event: 0.424 Loading class sun/nio/fs/WindowsDirectoryStream$WindowsDirectoryIterator
Event: 0.424 Loading class sun/nio/fs/WindowsDirectoryStream$WindowsDirectoryIterator done
Event: 0.424 Loading class sun/nio/fs/WindowsPath$WindowsPathWithAttributes
Event: 0.425 Loading class sun/nio/fs/BasicFileAttributesHolder
Event: 0.425 Loading class sun/nio/fs/BasicFileAttributesHolder done
Event: 0.425 Loading class sun/nio/fs/WindowsPath$WindowsPathWithAttributes done
Event: 0.429 Loading class sun/security/provider/AbstractDrbg$NonceProvider
Event: 0.429 Loading class sun/security/provider/AbstractDrbg$NonceProvider done
Event: 0.430 Loading class sun/security/provider/SHA2$SHA256
Event: 0.430 Loading class sun/security/provider/SHA2
Event: 0.430 Loading class sun/security/provider/SHA2 done
Event: 0.430 Loading class sun/security/provider/SHA2$SHA256 done
Event: 0.430 Loading class java/io/DeleteOnExitHook
Event: 0.430 Loading class java/io/DeleteOnExitHook done
Event: 0.431 Loading class java/io/DeleteOnExitHook$1
Event: 0.431 Loading class java/io/DeleteOnExitHook$1 done
Event: 0.431 Loading class java/nio/file/StandardCopyOption
Event: 0.431 Loading class java/nio/file/StandardCopyOption done
Event: 0.459 Loading class java/nio/HeapIntBuffer
Event: 0.459 Loading class java/nio/HeapIntBuffer done

Classes unloaded (0 events):
No events

Classes redefined (0 events):
No events

Internal exceptions (20 events):
Event: 0.053 Thread 0x00000272b2267c40 Exception <a 'java/lang/NoSuchMethodError'{0x0000000630422398}: 'void java.lang.System.loadLibrary(java.lang.String, java.lang.Class)'> (0x0000000630422398) 
thrown [s\src\hotspot\share\interpreter\linkResolver.cpp, line 805]
Event: 0.062 Thread 0x00000272b2267c40 Exception <a 'java/lang/NoSuchMethodError'{0x0000000630449430}: 'java.lang.Object java.lang.invoke.DirectMethodHandle$Holder.invokeStaticInit(java.lang.Object)'> (0x0000000630449430) 
thrown [s\src\hotspot\share\interpreter\linkResolver.cpp, line 805]
Event: 0.069 Thread 0x00000272b2267c40 Exception <a 'sun/nio/fs/WindowsException'{0x000000063046de08}> (0x000000063046de08) 
thrown [s\src\hotspot\share\prims\jni.cpp, line 518]
Event: 0.069 Thread 0x00000272b2267c40 Exception <a 'sun/nio/fs/WindowsException'{0x000000063046e390}> (0x000000063046e390) 
thrown [s\src\hotspot\share\prims\jni.cpp, line 518]
Event: 0.093 Thread 0x00000272b2267c40 Exception <a 'sun/nio/fs/WindowsException'{0x0000000630503928}> (0x0000000630503928) 
thrown [s\src\hotspot\share\prims\jni.cpp, line 518]
Event: 0.093 Thread 0x00000272b2267c40 Exception <a 'sun/nio/fs/WindowsException'{0x0000000630503c88}> (0x0000000630503c88) 
thrown [s\src\hotspot\share\prims\jni.cpp, line 518]
Event: 0.100 Thread 0x00000272b2267c40 Exception <a 'java/lang/NoSuchMethodError'{0x000000063057ab50}: 'int java.lang.invoke.DirectMethodHandle$Holder.invokeStaticInit(java.lang.Object, java.lang.Object, int, long)'> (0x000000063057ab50) 
thrown [s\src\hotspot\share\interpreter\linkResolver.cpp, line 805]
Event: 0.101 Thread 0x00000272b2267c40 Exception <a 'java/lang/NoSuchMethodError'{0x0000000630589e98}: 'java.lang.Object java.lang.invoke.DirectMethodHandle$Holder.newInvokeSpecial(java.lang.Object, java.lang.Object, int)'> (0x0000000630589e98) 
thrown [s\src\hotspot\share\interpreter\linkResolver.cpp, line 805]
Event: 0.105 Thread 0x00000272b2267c40 Exception <a 'java/lang/NoSuchMethodError'{0x00000006305d8ce0}: 'int java.lang.invoke.DirectMethodHandle$Holder.invokeStaticInit(java.lang.Object, java.lang.Object, long, long)'> (0x00000006305d8ce0) 
thrown [s\src\hotspot\share\interpreter\linkResolver.cpp, line 805]
Event: 0.106 Thread 0x00000272b2267c40 Exception <a 'java/lang/NoSuchMethodError'{0x00000006305e8320}: 'java.lang.Object java.lang.invoke.DirectMethodHandle$Holder.newInvokeSpecial(java.lang.Object, java.lang.Object, long)'> (0x00000006305e8320) 
thrown [s\src\hotspot\share\interpreter\linkResolver.cpp, line 805]
Event: 0.106 Thread 0x00000272b2267c40 Exception <a 'java/lang/NoSuchMethodError'{0x00000006305f2e40}: 'java.lang.Object java.lang.invoke.Invokers$Holder.linkToTargetMethod(java.lang.Object, long, java.lang.Object)'> (0x00000006305f2e40) 
thrown [s\src\hotspot\share\interpreter\linkResolver.cpp, line 805]
Event: 0.106 Thread 0x00000272b2267c40 Exception <a 'java/lang/NoSuchMethodError'{0x0000000630603428}: 'int java.lang.invoke.DirectMethodHandle$Holder.invokeStaticInit(java.lang.Object, java.lang.Object, java.lang.Object, long)'> (0x0000000630603428) 
thrown [s\src\hotspot\share\interpreter\linkResolver.cpp, line 805]
Event: 0.233 Thread 0x00000272b2267c40 Exception <a 'java/lang/NoSuchMethodError'{0x000000063065da58}: 'void java.lang.System.load(java.lang.String, java.lang.Class)'> (0x000000063065da58) 
thrown [s\src\hotspot\share\interpreter\linkResolver.cpp, line 805]
Event: 0.234 Thread 0x00000272b2267c40 Exception <a 'java/lang/NoSuchMethodError'{0x00000006306658a8}: 'void java.lang.System.loadLibrary(java.lang.String, java.lang.Class)'> (0x00000006306658a8) 
thrown [s\src\hotspot\share\interpreter\linkResolver.cpp, line 805]
Event: 0.236 Thread 0x00000272b2267c40 Exception <a 'sun/nio/fs/WindowsException'{0x0000000630679738}> (0x0000000630679738) 
thrown [s\src\hotspot\share\prims\jni.cpp, line 518]
Event: 0.236 Thread 0x00000272b2267c40 Exception <a 'sun/nio/fs/WindowsException'{0x0000000630679ad8}> (0x0000000630679ad8) 
thrown [s\src\hotspot\share\prims\jni.cpp, line 518]
Event: 0.238 Thread 0x00000272b2267c40 Exception <a 'sun/nio/fs/WindowsException'{0x0000000630683410}> (0x0000000630683410) 
thrown [s\src\hotspot\share\prims\jni.cpp, line 518]
Event: 0.238 Thread 0x00000272b2267c40 Exception <a 'sun/nio/fs/WindowsException'{0x00000006306836e0}> (0x00000006306836e0) 
thrown [s\src\hotspot\share\prims\jni.cpp, line 518]
Event: 0.420 Thread 0x00000272b2267c40 Exception <a 'java/lang/NoSuchMethodError'{0x000000063013add8}: 'java.lang.Object java.lang.invoke.DirectMethodHandle$Holder.invokeStaticInit(java.lang.Object, int, int, int, int)'> (0x000000063013add8) 
thrown [s\src\hotspot\share\interpreter\linkResolver.cpp, line 805]
Event: 0.428 Thread 0x00000272b2267c40 Exception <a 'java/lang/NoSuchMethodError'{0x0000000630228fd8}: 'java.lang.Object java.lang.invoke.DirectMethodHandle$Holder.invokeStaticInit(java.lang.Object, java.lang.Object, int, int, int, int)'> (0x0000000630228fd8) 
thrown [s\src\hotspot\share\interpreter\linkResolver.cpp, line 805]

VM Operations (2 events):
Event: 0.459 Executing VM operation: HandshakeAllThreads (Deoptimize)
Event: 0.460 Executing VM operation: HandshakeAllThreads (Deoptimize) done

Memory protections (0 events):
No events

Nmethod flushes (0 events):
No events

Events (13 events):
Event: 0.011 Thread 0x00000272b2267c40 Thread added: 0x00000272b2267c40
Event: 0.017 Thread 0x00000272b2267c40 Thread added: 0x00000272d60be350
Event: 0.017 Thread 0x00000272b2267c40 Thread added: 0x00000272d89460a0
Event: 0.017 Thread 0x00000272b2267c40 Thread added: 0x00000272d8949ed0
Event: 0.017 Thread 0x00000272b2267c40 Thread added: 0x00000272d896e630
Event: 0.017 Thread 0x00000272b2267c40 Thread added: 0x00000272d8973b50
Event: 0.017 Thread 0x00000272b2267c40 Thread added: 0x00000272d897d380
Event: 0.017 Thread 0x00000272b2267c40 Thread added: 0x00000272d8981e70
Event: 0.017 Thread 0x00000272b2267c40 Thread added: 0x00000272d8983a40
Event: 0.021 Thread 0x00000272b2267c40 Thread added: 0x00000272d8a58000
Event: 0.022 Thread 0x00000272b2267c40 Thread added: 0x00000272d8a6af90
Event: 0.090 Thread 0x00000272d8981e70 Thread added: 0x00000272d89867a0
Event: 0.232 Thread 0x00000272d89867a0 Thread exited: 0x00000272d89867a0


Dynamic libraries:
0x00007ff7c0d50000 - 0x00007ff7c0d5e000 	C:\Users\Arjun\.jdks\corretto-24.0.2\bin\java.exe
0x00007ff848000000 - 0x00007ff848266000 	C:\WINDOWS\SYSTEM32\ntdll.dll
0x00007ff846f50000 - 0x00007ff847019000 	C:\WINDOWS\System32\KERNEL32.DLL
0x00007ff845970000 - 0x00007ff845d6a000 	C:\WINDOWS\System32\KERNELBASE.dll
0x00007ff845400000 - 0x00007ff84554c000 	C:\WINDOWS\System32\ucrtbase.dll
0x00007ff8195c0000 - 0x00007ff8195d7000 	C:\Users\Arjun\.jdks\corretto-24.0.2\bin\jli.dll
0x00007ff846770000 - 0x00007ff846937000 	C:\WINDOWS\System32\USER32.dll
0x00007ff812340000 - 0x00007ff81235e000 	C:\Users\Arjun\.jdks\corretto-24.0.2\bin\VCRUNTIME140.dll
0x00007ff845340000 - 0x00007ff845367000 	C:\WINDOWS\System32\win32u.dll
0x00007ff81ac70000 - 0x00007ff81af02000 	C:\WINDOWS\WinSxS\amd64_microsoft.windows.common-controls_6595b64144ccf1df_6.0.26100.8521_none_3e08b75ce33403b3\COMCTL32.dll
0x00007ff8479a0000 - 0x00007ff8479cb000 	C:\WINDOWS\System32\GDI32.dll
0x00007ff847a80000 - 0x00007ff847b29000 	C:\WINDOWS\System32\msvcrt.dll
0x00007ff845610000 - 0x00007ff84573b000 	C:\WINDOWS\System32\gdi32full.dll
0x00007ff845290000 - 0x00007ff845333000 	C:\WINDOWS\System32\msvcp_win.dll
0x00007ff846530000 - 0x00007ff846562000 	C:\WINDOWS\System32\IMM32.DLL
0x00007ff823270000 - 0x00007ff823362000 	C:\Program Files\Windhawk\Engine\1.7.3\64\windhawk.dll
0x00007ff847db0000 - 0x00007ff847e66000 	C:\WINDOWS\System32\ADVAPI32.dll
0x00007ff847d00000 - 0x00007ff847daa000 	C:\WINDOWS\System32\sechost.dll
0x00007ff845e00000 - 0x00007ff845f18000 	C:\WINDOWS\System32\RPCRT4.dll
0x00007ff840160000 - 0x00007ff84016c000 	C:\Users\Arjun\.jdks\corretto-24.0.2\bin\vcruntime140_1.dll
0x00007fffdf5d0000 - 0x00007fffdf659000 	C:\Users\Arjun\.jdks\corretto-24.0.2\bin\msvcp140.dll
0x00007fff54990000 - 0x00007fff55805000 	C:\Users\Arjun\.jdks\corretto-24.0.2\bin\server\jvm.dll
0x00007ff847c70000 - 0x00007ff847cf0000 	C:\WINDOWS\System32\WS2_32.dll
0x00007ff844f40000 - 0x00007ff844f9e000 	C:\WINDOWS\SYSTEM32\POWRPROF.dll
0x00007ff836b70000 - 0x00007ff836ba6000 	C:\WINDOWS\SYSTEM32\WINMM.dll
0x00007ff83e270000 - 0x00007ff83e27b000 	C:\WINDOWS\SYSTEM32\VERSION.dll
0x00007ff844f20000 - 0x00007ff844f34000 	C:\WINDOWS\SYSTEM32\UMPDC.dll
0x00007ff844020000 - 0x00007ff84403b000 	C:\WINDOWS\SYSTEM32\kernel.appcore.dll
0x00007ff812330000 - 0x00007ff81233a000 	C:\Users\Arjun\.jdks\corretto-24.0.2\bin\jimage.dll
0x00007ff82fec0000 - 0x00007ff830102000 	C:\WINDOWS\SYSTEM32\DBGHELP.DLL
0x00007ff845f40000 - 0x00007ff8462c3000 	C:\WINDOWS\System32\combase.dll
0x00007ff846440000 - 0x00007ff846519000 	C:\WINDOWS\System32\OLEAUT32.dll
0x00007ff837200000 - 0x00007ff83723b000 	C:\WINDOWS\SYSTEM32\dbgcore.DLL
0x00007ff8458c0000 - 0x00007ff845968000 	C:\WINDOWS\System32\bcryptPrimitives.dll
0x00007ff80f600000 - 0x00007ff80f61f000 	C:\Users\Arjun\.jdks\corretto-24.0.2\bin\java.dll
0x00007ff8465d0000 - 0x00007ff846768000 	C:\WINDOWS\System32\ole32.dll
0x00007ff847210000 - 0x00007ff847994000 	C:\WINDOWS\System32\SHELL32.dll
0x00007ff842e40000 - 0x00007ff8436c0000 	C:\WINDOWS\SYSTEM32\windows.storage.dll
0x00007ff846940000 - 0x00007ff846a36000 	C:\WINDOWS\System32\SHCORE.dll
0x00007ff847a00000 - 0x00007ff847a67000 	C:\WINDOWS\System32\shlwapi.dll
0x00007ff8451b0000 - 0x00007ff8451d9000 	C:\WINDOWS\SYSTEM32\profapi.dll
0x00007fffaeff0000 - 0x00007fffaf0c7000 	C:\Users\Arjun\.jdks\corretto-24.0.2\bin\jsvml.dll
0x00007ff802bf0000 - 0x00007ff802c01000 	C:\Users\Arjun\.jdks\corretto-24.0.2\bin\net.dll
0x00007ff844590000 - 0x00007ff8445fc000 	C:\WINDOWS\system32\mswsock.dll
0x00007fffffa40000 - 0x00007fffffa56000 	C:\Users\Arjun\.jdks\corretto-24.0.2\bin\nio.dll
0x00007ff8070f0000 - 0x00007ff807107000 	C:\Users\Arjun\.jdks\corretto-24.0.2\bin\zip.dll
0x00007ff802d00000 - 0x00007ff802d84000 	C:\Users\Arjun\AppData\Local\Temp\lwjgl_Arjun\3.4.1+2\x64\lwjgl.dll
0x00007ffffd920000 - 0x00007ffffd9aa000 	C:\Users\Arjun\AppData\Local\Temp\lwjgl_Arjun\3.4.1+2\x64\glfw.dll
0x00007fff89770000 - 0x00007fff897bb000 	C:\WINDOWS\SYSTEM32\dinput8.dll
0x00007ff812f40000 - 0x00007ff812f5c000 	C:\WINDOWS\SYSTEM32\xinput1_4.dll
0x00007ff844e70000 - 0x00007ff844ec1000 	C:\WINDOWS\SYSTEM32\cfgmgr32.dll
0x00007ff844e40000 - 0x00007ff844e6d000 	C:\WINDOWS\SYSTEM32\DEVOBJ.dll
0x00007ff842780000 - 0x00007ff8427af000 	C:\WINDOWS\SYSTEM32\dwmapi.dll
0x00007ff81faf0000 - 0x00007ff81fcd5000 	C:\WINDOWS\SYSTEM32\inputhost.dll
0x00007ff841ff0000 - 0x00007ff842115000 	C:\WINDOWS\SYSTEM32\CoreMessaging.dll
0x00007ff8424f0000 - 0x00007ff84259a000 	C:\WINDOWS\system32\uxtheme.dll
0x00007ff8462d0000 - 0x00007ff84642d000 	C:\WINDOWS\System32\MSCTF.dll
0x00007ff844890000 - 0x00007ff84489c000 	C:\WINDOWS\SYSTEM32\CRYPTBASE.DLL
0x00007fff9b360000 - 0x00007fff9b46c000 	C:\WINDOWS\SYSTEM32\opengl32.dll
0x00007fff9b330000 - 0x00007fff9b35d000 	C:\WINDOWS\SYSTEM32\GLU32.dll
0x00007ff8425d0000 - 0x00007ff842614000 	C:\WINDOWS\SYSTEM32\dxcore.dll
0x00007ff82aae0000 - 0x00007ff82aafd000 	C:\WINDOWS\SYSTEM32\windows.staterepositorycore.dll
0x00007fff6f6e0000 - 0x00007fff72565000 	C:\WINDOWS\System32\DriverStore\FileRepository\nv_dispi.inf_amd64_6f3cfb7117944855\nvoglv64.dll
0x00007ff846ac0000 - 0x00007ff846f47000 	C:\WINDOWS\System32\SETUPAPI.dll
0x00007ff8423e0000 - 0x00007ff84240a000 	C:\WINDOWS\SYSTEM32\WTSAPI32.dll
0x00007ff845740000 - 0x00007ff8458b8000 	C:\WINDOWS\System32\CRYPT32.dll
0x00007ff8442c0000 - 0x00007ff844309000 	C:\WINDOWS\SYSTEM32\SspiCli.dll
0x00007ff8448e0000 - 0x00007ff8448f3000 	C:\WINDOWS\SYSTEM32\msasn1.dll
0x00007ff83dd50000 - 0x00007ff83dd8b000 	C:\WINDOWS\SYSTEM32\cryptnet.dll
0x00007ff844950000 - 0x00007ff8449ba000 	C:\WINDOWS\SYSTEM32\wldp.dll
0x00007ff83da90000 - 0x00007ff83dc08000 	C:\WINDOWS\SYSTEM32\drvstore.dll
0x00007ff844140000 - 0x00007ff844176000 	C:\WINDOWS\SYSTEM32\ntmarta.dll
0x00007ff845370000 - 0x00007ff8453f3000 	C:\WINDOWS\System32\WINTRUST.dll
0x00007ff845180000 - 0x00007ff8451aa000 	C:\WINDOWS\SYSTEM32\bcrypt.dll
0x00007ff8479d0000 - 0x00007ff8479f0000 	C:\WINDOWS\System32\imagehlp.dll
0x00007ff844870000 - 0x00007ff84488b000 	C:\WINDOWS\System32\CRYPTSP.dll
0x00007ff843f80000 - 0x00007ff843fb9000 	C:\WINDOWS\system32\rsaenh.dll
0x00007ff8376b0000 - 0x00007ff83d4bd000 	C:\WINDOWS\System32\DriverStore\FileRepository\nv_dispi.inf_amd64_6f3cfb7117944855\nvgpucomp64.dll
0x00007fffc1980000 - 0x00007fffc1ac7000 	C:\WINDOWS\system32\nvspcap64.dll
0x00007ff844ad0000 - 0x00007ff844b31000 	C:\WINDOWS\SYSTEM32\WINSTA.dll
0x00007ff80f5a0000 - 0x00007ff80f5fc000 	C:\Users\Arjun\AppData\Local\Temp\lwjgl_Arjun\3.4.1+2\x64\lwjgl_opengl.dll
0x00007ff804ed0000 - 0x00007ff804f46000 	C:\Users\Arjun\AppData\Local\Temp\JCudaDriver-12.6.0-windows-x86_64.dll
0x00007fffdf780000 - 0x00007fffdfbff000 	C:\WINDOWS\SYSTEM32\nvcuda.dll
0x00007fff52ab0000 - 0x00007fff5498f000 	C:\WINDOWS\system32\DriverStore\FileRepository\nv_dispi.inf_amd64_6f3cfb7117944855\nvcuda64.dll
0x00007ff82d670000 - 0x00007ff82d6f9000 	C:\WINDOWS\SYSTEM32\nvapi64.dll
0x00007ff82d0f0000 - 0x00007ff82d667000 	C:\WINDOWS\system32\DriverStore\FileRepository\nv_dispi.inf_amd64_6f3cfb7117944855\nvapi64_impl.dll
0x00007fffc18d0000 - 0x00007fffc197f000 	C:\WINDOWS\System32\DriverStore\FileRepository\nv_dispi.inf_amd64_6f3cfb7117944855\nvdxgdmal64.dll
0x00007fffb0cd0000 - 0x00007fffb1ad2000 	C:\WINDOWS\System32\DriverStore\FileRepository\nv_dispi.inf_amd64_6f3cfb7117944855\nvobjectloader64.dll
0x00007ff844640000 - 0x00007ff844673000 	C:\WINDOWS\SYSTEM32\USERENV.dll
0x00007ff8439d0000 - 0x00007ff843a03000 	C:\WINDOWS\SYSTEM32\IPHLPAPI.DLL
0x00007ff847a70000 - 0x00007ff847a7a000 	C:\WINDOWS\System32\NSI.dll
0x00007ff80f1a0000 - 0x00007ff80f2e8000 	C:\WINDOWS\SYSTEM32\textinputframework.dll
0x00007ff83e730000 - 0x00007ff83ea14000 	C:\WINDOWS\SYSTEM32\CoreUIComponents.dll
0x00007ff83ef80000 - 0x00007ff83f0ea000 	C:\WINDOWS\SYSTEM32\wintypes.dll
0x00007ff81ab30000 - 0x00007ff81aba6000 	C:\WINDOWS\system32\Oleacc.dll

JVMTI agents: none

dbghelp: loaded successfully - version: 4.0.5 - missing functions: none
symbol engine: initialized successfully - sym options: 0x614 - pdb path: .;C:\Users\Arjun\.jdks\corretto-24.0.2\bin;C:\WINDOWS\SYSTEM32;C:\WINDOWS\WinSxS\amd64_microsoft.windows.common-controls_6595b64144ccf1df_6.0.26100.8521_none_3e08b75ce33403b3;C:\Program Files\Windhawk\Engine\1.7.3\64;C:\Users\Arjun\.jdks\corretto-24.0.2\bin\server;C:\Users\Arjun\AppData\Local\Temp\lwjgl_Arjun\3.4.1+2\x64;C:\WINDOWS\System32\DriverStore\FileRepository\nv_dispi.inf_amd64_6f3cfb7117944855;C:\Users\Arjun\AppData\Local\Temp

VM Arguments:
jvm_args: -Dfile.encoding=UTF-8 -Duser.country=US -Duser.language=en -Duser.variant 
java_command: arjun.path_tracer_cuda.Main
java_class_path (initial): C:\Users\Arjun\IdeaProjects\3D-PathTracer-Cuda\build\classes\java\main;C:\Users\Arjun\IdeaProjects\3D-PathTracer-Cuda\build\resources\main;C:\Users\Arjun\.gradle\caches\modules-2\files-2.1\org.lwjgl\lwjgl-glfw\3.4.1\a782b1ddd175c9107bf300fd92920579ea65e2a4\lwjgl-glfw-3.4.1.jar;C:\Users\Arjun\.gradle\caches\modules-2\files-2.1\org.lwjgl\lwjgl-glfw\3.4.1\2eb4aa895ea190ba8cf4356f8cea24d3ebb40ea1\lwjgl-glfw-3.4.1-natives-windows.jar;C:\Users\Arjun\.gradle\caches\modules-2\files-2.1\org.lwjgl\lwjgl-opengl\3.4.1\830412cab823c029cda6b9729f9d2ed36cf79959\lwjgl-opengl-3.4.1.jar;C:\Users\Arjun\.gradle\caches\modules-2\files-2.1\org.lwjgl\lwjgl-opengl\3.4.1\617f37ef4e2ffb727bd5e74333e8073ef43ca1ec\lwjgl-opengl-3.4.1-natives-windows.jar;C:\Users\Arjun\.gradle\caches\modules-2\files-2.1\org.lwjgl\lwjgl\3.4.1\6105690714874b995aa7812e4f7732a21109276c\lwjgl-3.4.1.jar;C:\Users\Arjun\.gradle\caches\modules-2\files-2.1\org.lwjgl\lwjgl\3.4.1\96a217f0428ab73487f114a54179a4f41e851a04\lwjgl-3.4.1-natives-windows.jar;C:\Users\Arjun\.gradle\caches\modules-2\files-2.1\org.jcuda\jcuda\12.6.0\4d3b7fd0f984d67fa827c3728170681ce7d8fc27\jcuda-12.6.0.jar;C:\Users\Arjun\.gradle\caches\modules-2\files-2.1\org.jcuda\jcuda-natives\12.6.0\27db11bf57ebac807117a348f2310a6fd74c6e76\jcuda-natives-12.6.0-windows-x86_64.jar
Launcher Type: SUN_STANDARD

[Global flags]
     intx CICompilerCount                          = 4                                         {product} {ergonomic}
     uint ConcGCThreads                            = 2                                         {product} {ergonomic}
     uint G1ConcRefinementThreads                  = 8                                         {product} {ergonomic}
   size_t G1HeapRegionSize                         = 4194304                                   {product} {ergonomic}
   size_t InitialHeapSize                          = 520093696                                 {product} {ergonomic}
   size_t MarkStackSize                            = 4194304                                   {product} {ergonomic}
   size_t MarkStackSizeMax                         = 536870912                                 {product} {ergonomic}
   size_t MaxHeapSize                              = 8292139008                                {product} {ergonomic}
   size_t MaxNewSize                               = 4974444544                                {product} {ergonomic}
   size_t MinHeapDeltaBytes                        = 4194304                                   {product} {ergonomic}
   size_t MinHeapSize                              = 8388608                                   {product} {ergonomic}
    uintx NonNMethodCodeHeapSize                   = 5832704                                {pd product} {ergonomic}
    uintx NonProfiledCodeHeapSize                  = 122945536                              {pd product} {ergonomic}
    uintx ProfiledCodeHeapSize                     = 122880000                              {pd product} {ergonomic}
    uintx ReservedCodeCacheSize                    = 251658240                              {pd product} {ergonomic}
     bool SegmentedCodeCache                       = true                                      {product} {ergonomic}
   size_t SoftMaxHeapSize                          = 8292139008                             {manageable} {ergonomic}
     bool UseCompressedOops                        = true                           {product lp64_product} {ergonomic}
     bool UseG1GC                                  = true                                      {product} {ergonomic}
     bool UseLargePagesIndividualAllocation        = false                                  {pd product} {ergonomic}

Logging:
Log output configuration:
 #0: stdout all=warning uptime,level,tags foldmultilines=false
 #1: stderr all=off uptime,level,tags foldmultilines=false

Environment Variables:
PATH=C:\Program Files\NVIDIA GPU Computing Toolkit\CUDA\v13.3\bin\x64;C:\Program Files\NVIDIA GPU Computing Toolkit\CUDA\v13.3\bin;C:\WINDOWS\system32;C:\WINDOWS;C:\WINDOWS\System32\Wbem;C:\WINDOWS\System32\WindowsPowerShell\v1.0\;C:\WINDOWS\System32\OpenSSH\;C:\Program Files\NVIDIA Corporation\NVIDIA App\NvDLISR;C:\Program Files (x86)\NVIDIA Corporation\PhysX\Common;C:\Program Files\Git\cmd;C:\Program Files (x86)\Windows Kits\10\Windows Performance Toolkit\;C:\Program Files\NVIDIA Corporation\Nsight Compute 2026.2.0\;C:\Users\Arjun\AppData\Local\Microsoft\WindowsApps;
USERNAME=Arjun
OS=Windows_NT
PROCESSOR_IDENTIFIER=AMD64 Family 26 Model 68 Stepping 0, AuthenticAMD
TMP=C:\Users\Arjun\AppData\Local\Temp
TEMP=C:\Users\Arjun\AppData\Local\Temp




Periodic native trim disabled

---------------  S Y S T E M  ---------------

OS:
 Windows 11 , 64 bit Build 26100 (10.0.26100.8521)
OS uptime: 0 days 2:14 hours
Hyper-V role detected

CPU: total 8 (initial active 8) (8 cores per cpu, 1 threads per core) family 26 model 68 stepping 0 microcode 0xb404035, cx8, cmov, fxsr, mmx, 3dnowpref, sse, sse2, sse3, ssse3, sse4a, sse4.1, sse4.2, popcnt, lzcnt, tsc, tscinvbit, avx, avx2, aes, erms, clmul, bmi1, bmi2, adx, avx512f, avx512dq, avx512cd, avx512bw, avx512vl, sha, fma, vzeroupper, avx512_vpopcntdq, avx512_vpclmulqdq, avx512_vaes, avx512_vnni, clflush, clflushopt, avx512_vbmi2, avx512_vbmi, hv, rdtscp, rdpid, fsrm, gfni, avx512_bitalg, f16c, cet_ss, avx512_ifma
Processor Information for the first 8 processors :
  Max Mhz: 4300, Current Mhz: 4300, Mhz Limit: 4300

Memory: 4k page, system-wide physical 31621M (17153M free)
TotalPageFile size 36485M (AvailPageFile size 17069M)
current process WorkingSet (physical memory assigned to process): 234M, peak: 234M
current process commit charge ("private bytes"): 1015M, peak: 1015M

vm_info: OpenJDK 64-Bit Server VM (24.0.2+12-FR) for windows-amd64 JRE (24.0.2+12-FR), built on 2025-07-11T01:41:34Z with unknown MS VC++:1944

END.
